[www.csirnetphysics.in/p/hand-written-notes_28.html]
[backblue.gif]
[fade.gif]
[index.html]
[resources.blogblog.com/blogblog/data/1kt/simple/gradients_light.png]
[www.csirnetphysics.in/p/https.3.delayed]
[www.google-analytics.com/analytics.js]
[www.csirnetphysics.in/p/exam-pattern.html]
[www.csirnetphysics.in/p/syllabus.html]
[www.csirnetphysics.in/p/paper-analysis.html]
[www.csirnetphysics.in/p/csir-net-cut-off.html]
[www.csirnetphysics.in/p/previous-questions-paper.html]
[www.csirnetphysics.in/p/assignment.html]
[www.csirnetphysics.in/p/book.html]
[www.csirnetphysics.in/p/online-test-series-link.html]
[www.csirnetphysics.in/p/our-achievers.html]
[www.csirnetphysics.in/p/syllabusexam-patterncut-offpaper.html]
[www.csirnetphysics.in/p/Assignment-BJT.10.delayed]
[www.csirnetphysics.in/p/Differentiation and integration formulas.11.delayed]
[resources.blogblog.com/img/icon18_edit_allbkg.gif]
[pagead2.googlesyndication.com/pagead/js/fc8a6.txt]
[cdnjs.cloudflare.com/ajax/libs/font-awesome/4.7.0/css/font-awesome.min.css]
[blogger.googleusercontent.com/img/b/R29vZ2xl/AVvXsEjEPUVeTMcKz4kkYQz2O0HyzD6gamzlBgRMOV3pTmO/s1600/new u tube.png]
[www.gstatic.com/charts/loader.js]
[connect.facebook.net/en_GB/sdk.js]
[www.blogger.com/static/v1/widgets/3000588928-widgets.js]
[www.csirnetphysics.in/p/hand-written-notes_28.html]
[www.blogger.com/img/widgets/stats-flipper.png]
[resources.blogblog.com/img/widgets/s_top.png]
[www.blogger.com/static/v1/widgets/573632073-css_bundle_v2.css]
[www.csirnetphysics.in/p/https.html]
[www.blogger.com/dyn-css/authorizationb8d4.css]
[www.csirnetphysics.in/p/exam-pattern.html]
[www.csirnetphysics.in/p/syllabus.html]
[www.csirnetphysics.in/p/paper-analysis.html]
[www.blogger.com/img/transparent.gif]
[www.csirnetphysics.in/p/_https_/fonts.gstatic.com/s/i/materialiconsextended/insert_photo/v6/grey600-24dp/1x/baseline_insert_photo_grey600_24dp.1c.delayed]
[www.csirnetphysics.in/p/csir-net-cut-off.html]
[www.csirnetphysics.in/p/previous-questions-paper.html]
[www.csirnetphysics.in/p/assignment.html]
[www.csirnetphysics.in/p/book.html]
[www.csirnetphysics.in/p/online-test-series-link.html]
[www.csirnetphysics.in/p/our-achievers.html]
[blogger.googleusercontent.com/img/b/R29vZ2xl/AVvXsEjLz9CsGlCUD5EEZGkuagUghpGt3ipETfFZZc1deI0/s552/4b21bb1e-30a7-4103-8acd-844d913edd6e.jpg]
[blogger.googleusercontent.com/img/b/R29vZ2xl/AVvXsEjLz9CsGlCUD5EEZGkuagUghpGt3ipETfFZZc1deI0/s16000/4b21bb1e-30a7-4103-8acd-844d913edd6e.jpg]
[blogger.googleusercontent.com/img/b/R29vZ2xl/AVvXsEg_qF0rHPqupSlD_-R6QIWqztHdMdnYSqZs5odwUUX/s800/image.png]
[blogger.googleusercontent.com/img/b/R29vZ2xl/AVvXsEg_qF0rHPqupSlD_-R6QIWqztHdMdnYSqZs5odwUUX/s16000/image.png]
[www.csirnetphysics.in/p/syllabusexam-patterncut-offpaper.html]
[www.csirnetphysics.in/p/Assignment-BJT.html]
[www.csirnetphysics.in/p/Differentiation and integration formulas.html]
[cdnjs.cloudflare.com/ajax/libs/font-awesome/4.7.0/css/font-awesome.min.css]
[connect.facebook.net/en_GB/sdk.js]
[www.csirnetphysics.in/p/_https_/fonts.gstatic.com/s/i/materialiconsextended/insert_photo/v6/grey600-24dp/1x/baseline_insert_photo_grey600_24dp.html]
[www.csirnetphysics.in/p/important-topics.html]
[www.csirnetphysics.in/p/important-topics.html]
